=== Daily Shop Check Started: 2026-07-18 00:29:21 ===
Successfully ran find_new_shops_nationwide.ps1
Successfully ran find_closed_shops.ps1
=== Daily Shop Check Finished: 2026-07-18 00:29:35 ===
=== Daily Shop Check Started: 2026-07-18 00:32:10 ===
Successfully ran find_new_shops_nationwide.ps1
Successfully ran find_closed_shops.ps1
=== Daily Shop Check Finished: 2026-07-18 00:45:28 ===
=== Daily Shop Check Started: 2026-07-18 01:12:19 ===
Successfully ran find_new_shops_nationwide.ps1
Successfully ran find_closed_shops.ps1
=== Daily Shop Check Finished: 2026-07-18 01:30:18 ===
=== Daily Shop Check Started: 2026-07-19 00:00:05 ===
Successfully ran find_new_shops_nationwide.ps1
Successfully ran find_closed_shops.ps1
=== Daily Shop Check Finished: 2026-07-19 00:00:19 ===
=== Daily Shop Check Started: 2026-07-20 16:25:47 ===
Successfully ran find_new_shops_nationwide.ps1
Successfully ran find_closed_shops.ps1
=== Daily Shop Check Finished: 2026-07-20 16:26:08 ===
=== Daily Shop Check Started: 2026-07-21 00:44:45 ===
Successfully ran find_new_shops_nationwide.ps1
Successfully ran find_closed_shops.ps1
=== Daily Shop Check Finished: 2026-07-21 00:45:08 ===
=== Daily Shop Check Started: 2026-08-01 15:50:31 ===
Successfully ran find_new_shops_nationwide.ps1
Successfully ran find_closed_shops.ps1
=== Daily Shop Check Finished: 2026-08-01 16:07:30 ===
=== Daily Shop Check Started: 2026-08-02 00:16:52 ===
Successfully ran import_new_shops_auto.ps1
Successfully ran find_new_shops_nationwide.ps1
Successfully ran find_closed_shops.ps1
Successfully ran remove_closed_shops.ps1
Successfully ran remove_overseas_shops.js
=== Daily Shop Check Finished: 2026-08-02 00:17:06 ===
=== Daily Shop Check Started: 2026-08-03 00:00:06 ===
Successfully ran import_new_shops_auto.ps1
Successfully ran find_new_shops_nationwide.ps1
Successfully ran find_closed_shops.ps1
Successfully ran remove_closed_shops.ps1
Successfully ran remove_overseas_shops.js
=== Daily Shop Check Finished: 2026-08-03 00:00:33 ===
=== Daily Shop Check Started: 2026-08-11 23:04:15 ===
Successfully ran import_new_shops_auto.ps1
Successfully ran find_new_shops_nationwide.ps1
Successfully ran find_closed_shops.ps1
Successfully ran remove_closed_shops.ps1
Successfully ran remove_overseas_shops.js
=== Daily Shop Check Finished: 2026-08-11 23:04:45 ===
=== Daily Shop Check Started: 2026-08-12 00:00:04 ===
Successfully ran import_new_shops_auto.ps1
Successfully ran find_new_shops_nationwide.ps1
Successfully ran find_closed_shops.ps1
Successfully ran remove_closed_shops.ps1
Successfully ran remove_overseas_shops.js
=== Daily Shop Check Finished: 2026-08-12 00:00:37 ===
=== Daily Shop Check Started: 2026-08-17 21:09:40 ===
Successfully ran import_new_shops_auto.ps1
Successfully ran find_new_shops_nationwide.ps1
Successfully ran find_closed_shops.ps1
Successfully ran remove_closed_shops.ps1
Successfully ran remove_overseas_shops.js
=== Daily Shop Check Finished: 2026-08-17 21:10:34 ===
